{"level":"error","message":"[ValidateItem] Invalid item: Sponge"}
{"level":"error","message":"[ValidateItem] Invalid item: Sponge"}
{"level":"error","message":"[ValidateItem] Invalid item: Sponge"}
{"level":"error","message":"[ValidateItem] Invalid price: Sponge"}
{"level":"error","message":"[ValidateItem] Invalid price: 15"}
{"level":"error","message":"[ValidateItem] Invalid price: 15"}
{"level":"error","message":"[ValidateItem] Invalid price: 15"}
{"level":"error","message":"[ValidateItem] Invalid price: -45"}
{"level":"error","message":"[ValidateItem] Invalid price: -45"}
{"level":"error","message":"[ValidateItem] Invalid price: -45"}
{"level":"error","message":"[ValidateItem] Invalid price: -45"}
{"level":"error","message":"[ValidateItem] Invalid price: -45"}
{"level":"error","message":"[ValidateItem] Invalid price: -45"}
{"level":"error","message":"[ValidateItem] Invalid price: -45"}
{"level":"error","message":"[ValidateItem] Invalid price: -45"}
{"level":"error","message":"[ValidateItem] Invalid price: -45"}
{"level":"error","message":"[ValidateItem] Invalid price: -45"}
{"level":"error","message":"[ValidateItem] Invalid price: -45","timestamp":"2026-09-16"}
{"level":"error","message":"[ValidateItem] Invalid price: -45","timestamp":"2026-09-16"}
{"level":"error","message":"[ValidateItem] Invalid price: -45","timestamp":"2026-09-16"}
{"level":"error","message":"[ValidateItem] Invalid price: -45","timestamp":"2026-09-16"}
{"level":"error","message":"[ValidateItem] Invalid price: -45","timestamp":"2026-09-16"}
{"level":"error","message":"[ValidateItem] Invalid price: -45","timestamp":"2026-09-16"}
